[     351ms] [WARNING] [LaunchDarkly] Error on stream connection: {"isTrusted":true}, will continue retrying after 710 milliseconds. @ https://goto.your.rentals/public/scripts/min/vendor-min.js?hash=f854b391d6741eb17a10f52bf19cd241:0
[     351ms] [INFO] [LaunchDarkly] Closing stream connection @ https://goto.your.rentals/public/scripts/min/vendor-min.js?hash=f854b391d6741eb17a10f52bf19cd241:0
[     351ms] [WARNING] [LaunchDarkly] Error on stream connection: {"isTrusted":true}, will continue retrying after 680 milliseconds. @ https://goto.your.rentals/public/scripts/min/vendor-min.js?hash=f854b391d6741eb17a10f52bf19cd241:0
[     351ms] [INFO] [LaunchDarkly] Closing stream connection @ https://goto.your.rentals/public/scripts/min/vendor-min.js?hash=f854b391d6741eb17a10f52bf19cd241:0
[     352ms] [WARNING] [LaunchDarkly] Error on stream connection: {"isTrusted":true}, will continue retrying after 989 milliseconds. @ https://ui-web-react-dev.your.rentals/index-1d868d7f.mjs:41791
[     352ms] [INFO] [LaunchDarkly] Closing stream connection @ https://ui-web-react-dev.your.rentals/index-1d868d7f.mjs:41791
[     358ms] [WARNING] <link rel=preload> has an invalid `href` value @ https://goto.your.rentals/conversations?id=8b4a2446-5527-42eb-8010-22ca574af0c1&details=true:27
[     414ms] [ERROR] Failed to load resource: the server responded with a status of 404 () @ https://goto.your.rentals/public/node_modules/angular-i18n/angular-locale_en-gb.js:0
[     459ms] [LOG] JQMIGRATE: Migrate is installed, version 3.4.0 @ https://code.jquery.com/jquery-migrate-3.4.0.min.js:1
[     464ms] [INFO] %cDownload the React DevTools for a better development experience: https://reactjs.org/link/react-devtools font-weight:bold @ https://ui-web-react-dev.your.rentals/index-1d868d7f.mjs:19574
[     501ms] [INFO] [LaunchDarkly] LaunchDarkly client initialized @ https://goto.your.rentals/public/scripts/min/vendor-min.js?hash=f854b391d6741eb17a10f52bf19cd241:0
[     502ms] [INFO] [LaunchDarkly] Opening stream connection to https://clientstream.launchdarkly.com/eval/62afe8fa0d275b15899ee925/eyJraW5kIjoidXNlciIsImtleSI6ImFub255bW91cyIsImN1c3RvbSI6eyJ1bmlxdWVJZCI6IjZhOWY4YTYyLWEyMzQtNDhkZS1hZDViLWQ3NTNjZTE5NzJhYyJ9fQ @ https://goto.your.rentals/public/scripts/min/vendor-min.js?hash=f854b391d6741eb17a10f52bf19cd241:0
[     650ms] [INFO] [LaunchDarkly] Closing stream connection @ https://goto.your.rentals/public/scripts/min/vendor-min.js?hash=f854b391d6741eb17a10f52bf19cd241:0
[     650ms] [INFO] [LaunchDarkly] Opening stream connection to https://clientstream.launchdarkly.com/eval/62afe8fa0d275b15899ee925/eyJraW5kIjoidXNlciIsImtleSI6IjY5MzU2ZjYwLTEyZjEtNGZmZS04MWIwLTgwM2Y1ZjhmOGQ4NiIsImZpcnN0TmFtZSI6IkNhbiIsImxhc3ROYW1lIjoiUGhhbXJyIiwiZW1haWwiOiJjYW5oLnBoYW0wMUB5b3VyLnJlbnRhbHMiLCJjdXN0b20iOnsidXNlcklkIjoiNjkzNTZmNjAtMTJmMS00ZmZlLTgxYjAtODAzZjVmOGY4ZDg2Iiwib3JnYW5pemF0aW9uSWQiOiJhYzZiZmY0Mi00YWEwLTQ3NzMtODBkMS02ZWE3OGU4MzFjNWUiLCJhY2NvdW50SWQiOiI3ZTliNDcyMS03MjcxLTRiOTktODNiOS0xYzhiODI0NWUwNmIiLCJ1bmlxdWVJZCI6IjZhOWY4YTYyLWEyMzQtNDhkZS1hZDViLWQ3NTNjZTE5NzJhYyJ9fQ @ https://goto.your.rentals/public/scripts/min/vendor-min.js?hash=f854b391d6741eb17a10f52bf19cd241:0
[     947ms] [INFO] [LaunchDarkly] LaunchDarkly client initialized @ https://goto.your.rentals/public/scripts/min/vendor-min.js?hash=f854b391d6741eb17a10f52bf19cd241:0
[     947ms] [INFO] [LaunchDarkly] Opening stream connection to https://clientstream.launchdarkly.com/eval/62afe8fa0d275b15899ee925/eyJraW5kIjoidXNlciIsImtleSI6ImFub255bW91cyIsImN1c3RvbSI6eyJ1bmlxdWVJZCI6IjZhOWY4YTYyLWEyMzQtNDhkZS1hZDViLWQ3NTNjZTE5NzJhYyJ9fQ @ https://goto.your.rentals/public/scripts/min/vendor-min.js?hash=f854b391d6741eb17a10f52bf19cd241:0
[    1036ms] [INFO] [LaunchDarkly] Closing stream connection @ https://goto.your.rentals/public/scripts/min/vendor-min.js?hash=f854b391d6741eb17a10f52bf19cd241:0
[    1036ms] [INFO] [LaunchDarkly] Opening stream connection to https://clientstream.launchdarkly.com/eval/62afe8fa0d275b15899ee925/eyJraW5kIjoidXNlciIsImtleSI6IjY5MzU2ZjYwLTEyZjEtNGZmZS04MWIwLTgwM2Y1ZjhmOGQ4NiIsImZpcnN0TmFtZSI6IkNhbiIsImxhc3ROYW1lIjoiUGhhbXJyIiwiZW1haWwiOiJjYW5oLnBoYW0wMUB5b3VyLnJlbnRhbHMiLCJjdXN0b20iOnsidXNlcklkIjoiNjkzNTZmNjAtMTJmMS00ZmZlLTgxYjAtODAzZjVmOGY4ZDg2Iiwib3JnYW5pemF0aW9uSWQiOiJhYzZiZmY0Mi00YWEwLTQ3NzMtODBkMS02ZWE3OGU4MzFjNWUiLCJhY2NvdW50SWQiOiI3ZTliNDcyMS03MjcxLTRiOTktODNiOS0xYzhiODI0NWUwNmIiLCJ1bmlxdWVJZCI6IjZhOWY4YTYyLWEyMzQtNDhkZS1hZDViLWQ3NTNjZTE5NzJhYyJ9fQ @ https://goto.your.rentals/public/scripts/min/vendor-min.js?hash=f854b391d6741eb17a10f52bf19cd241:0
[    1721ms] [WARNING] [quick-fetch] quickFetchScript was not included or running in Node.js environment. Falling back to stubbed implementation. @ https://static.hsappstatic.net/conversations-visitor-ui/static-1.29131/bundles/visitor.js:0
[    1797ms] [WARNING] WARNING: Missing translation for key: "Team members" @ https://goto.your.rentals/public/scripts/min/vendor-min.js?hash=f854b391d6741eb17a10f52bf19cd241:0
[    1798ms] [WARNING] WARNING: Missing translation for key: "Airbnb Connections" @ https://goto.your.rentals/public/scripts/min/vendor-min.js?hash=f854b391d6741eb17a10f52bf19cd241:0
[    1827ms] [WARNING] [@formatjs/intl] "defaultRichTextElements" was specified but "message" was not pre-compiled. 
Please consider using "@formatjs/cli" to pre-compile your messages for performance.
For more details see https://formatjs.io/docs/getting-started/message-distribution @ https://ui-web-react-dev.your.rentals/index-1d868d7f.mjs:31500
[    1904ms] [WARNING] WARNING: Missing translation for key: "Airbnb Connections" @ https://goto.your.rentals/public/scripts/min/vendor-min.js?hash=f854b391d6741eb17a10f52bf19cd241:0
[    1928ms] [INFO] [LaunchDarkly] LaunchDarkly client initialized @ https://ui-web-react-dev.your.rentals/index-1d868d7f.mjs:41791
[    1928ms] [INFO] [LaunchDarkly] Opening stream connection to https://clientstream.launchdarkly.com/eval/62afe8fa0d275b15899ee925/eyJraW5kIjoidXNlciIsImtleSI6IjY5MzU2ZjYwLTEyZjEtNGZmZS04MWIwLTgwM2Y1ZjhmOGQ4NiIsImVtYWlsIjoiY2FuaC5waGFtMDFAeW91ci5yZW50YWxzIiwiZmlyc3ROYW1lIjoiQ2FuIiwibGFzdE5hbWUiOiJQaGFtcnIiLCJjdXN0b20iOnsidW5pcXVlSWQiOiJcIjZhOWY4YTYyLWEyMzQtNDhkZS1hZDViLWQ3NTNjZTE5NzJhY1wiIiwidXNlcklkIjoiNjkzNTZmNjAtMTJmMS00ZmZlLTgxYjAtODAzZjVmOGY4ZDg2Iiwib3JnYW5pemF0aW9uSWQiOiJhYzZiZmY0Mi00YWEwLTQ3NzMtODBkMS02ZWE3OGU4MzFjNWUiLCJhY2NvdW50SWQiOiI3ZTliNDcyMS03MjcxLTRiOTktODNiOS0xYzhiODI0NWUwNmIifX0 @ https://ui-web-react-dev.your.rentals/index-1d868d7f.mjs:41791
[    2789ms] [ERROR] Access to fetch at 'https://pjqtskva.ceuf.stape.net/g/collect?v=2&tid=G-L44H3HTTV8&gtm=45je65f1v9166573653z872311272za20gzb72311272zd72311272&_p=1779200458428&gcs=G111&gcd=13n3n3n3n5l1&npa=0&dma=0&ecid=2112379529&_eu=AAAAAAQ&_fplc=0&are=1&cid=1855558164.1776699966&frm=0&pscdl=noapi&rcb=5&sr=1440x900&uaa=arm&uab=64&uafvl=Chromium%3B148.0.7778.168%7CGoogle%2520Chrome%3B148.0.7778.168%7CNot%252FA)Brand%3B99.0.0.0&uam=&uamb=0&uap=macOS&uapv=14.5.0&uaw=0&ul=en-us&ur=VN-67&sst.rnd=126951743.1779200458&sst.etld=google.com.vn&sst.tft=1779200458428&sst.lpc=14383905&sst.navt=n&sst.ude=0&sst.sw_exp=1&_s=1&tag_exp=0~115938465~115938468&sid=1779200414&sct=4&seg=1&dl=https%3A%2F%2Fgoto.your.rentals%2Fconversations%3Fid%3D8b4a2446-5527-42eb-8010-22ca574af0c1%26details%3Dtrue&dt=Messages%20%7C%20Your.Rentals&_tu=BA&en=page_view&tfd=2443&richsstsse' from origin 'https://goto.your.rentals' has been blocked by CORS policy: No 'Access-Control-Allow-Origin' header is present on the requested resource. @ https://goto.your.rentals/conversations?id=8b4a2446-5527-42eb-8010-22ca574af0c1&details=true:0
[    2789ms] [ERROR] Failed to load resource: net::ERR_FAILED @ https://pjqtskva.ceuf.stape.net/g/collect?v=2&tid=G-L44H3HTTV8&gtm=45je65f1v9166573653z872311272za20gzb72311272zd72311272&_p=1779200458428&gcs=G111&gcd=13n3n3n3n5l1&npa=0&dma=0&ecid=2112379529&_eu=AAAAAAQ&_fplc=0&are=1&cid=1855558164.1776699966&frm=0&pscdl=noapi&rcb=5&sr=1440x900&uaa=arm&uab=64&uafvl=Chromium%3B148.0.7778.168%7CGoogle%2520Chrome%3B148.0.7778.168%7CNot%252FA)Brand%3B99.0.0.0&uam=&uamb=0&uap=macOS&uapv=14.5.0&uaw=0&ul=en-us&ur=VN-67&sst.rnd=126951743.1779200458&sst.etld=google.com.vn&sst.tft=1779200458428&sst.lpc=14383905&sst.navt=n&sst.ude=0&sst.sw_exp=1&_s=1&tag_exp=0~115938465~115938468&sid=1779200414&sct=4&seg=1&dl=https%3A%2F%2Fgoto.your.rentals%2Fconversations%3Fid%3D8b4a2446-5527-42eb-8010-22ca574af0c1%26details%3Dtrue&dt=Messages%20%7C%20Your.Rentals&_tu=BA&en=page_view&tfd=2443&richsstsse:0
[    2884ms] [ERROR] Failed to load resource: the server responded with a status of 404 () @ https://pjqtskva.ceuf.stape.net/_/service_worker/65d0/sw_iframe.html?origin=https%3A%2F%2Fgoto.your.rentals&1p=1:0
