[    1062ms] [WARNING] [LaunchDarkly] Error on stream connection: {"isTrusted":true}, will continue retrying after 656 milliseconds. @ https://goto.your.rentals/public/scripts/min/vendor-min.js?hash=cd7adc20a18961602e9e1825b28c0ad1:0
[    1062ms] [INFO] [LaunchDarkly] Closing stream connection @ https://goto.your.rentals/public/scripts/min/vendor-min.js?hash=cd7adc20a18961602e9e1825b28c0ad1:0
[    1063ms] [WARNING] [LaunchDarkly] Error on stream connection: {"isTrusted":true}, will continue retrying after 656 milliseconds. @ https://goto.your.rentals/public/scripts/min/vendor-min.js?hash=cd7adc20a18961602e9e1825b28c0ad1:0
[    1063ms] [INFO] [LaunchDarkly] Closing stream connection @ https://goto.your.rentals/public/scripts/min/vendor-min.js?hash=cd7adc20a18961602e9e1825b28c0ad1:0
[    1063ms] [WARNING] [LaunchDarkly] Error on stream connection: {"isTrusted":true}, will continue retrying after 581 milliseconds. @ https://ui-web-react-dev.your.rentals/index-a5fd627f.mjs:41529
[    1063ms] [INFO] [LaunchDarkly] Closing stream connection @ https://ui-web-react-dev.your.rentals/index-a5fd627f.mjs:41529
[    1075ms] [WARNING] <link rel=preload> has an invalid `href` value @ https://goto.your.rentals/conversations:27
[    1121ms] [ERROR] Failed to load resource: the server responded with a status of 404 () @ https://goto.your.rentals/public/node_modules/angular-i18n/angular-locale_en-gb.js:0
[    1158ms] [LOG] JQMIGRATE: Migrate is installed, version 3.4.0 @ https://code.jquery.com/jquery-migrate-3.4.0.min.js:1
[    1163ms] [INFO] %cDownload the React DevTools for a better development experience: https://reactjs.org/link/react-devtools font-weight:bold @ https://ui-web-react-dev.your.rentals/index-a5fd627f.mjs:19574
[    1216ms] [INFO] [LaunchDarkly] LaunchDarkly client initialized @ https://goto.your.rentals/public/scripts/min/vendor-min.js?hash=cd7adc20a18961602e9e1825b28c0ad1:0
[    1216ms] [INFO] [LaunchDarkly] Opening stream connection to https://clientstream.launchdarkly.com/eval/62afe8fa0d275b15899ee925/eyJraW5kIjoidXNlciIsImtleSI6ImFub255bW91cyIsImN1c3RvbSI6eyJ1bmlxdWVJZCI6IjZhOWY4YTYyLWEyMzQtNDhkZS1hZDViLWQ3NTNjZTE5NzJhYyJ9fQ @ https://goto.your.rentals/public/scripts/min/vendor-min.js?hash=cd7adc20a18961602e9e1825b28c0ad1:0
[    1440ms] [INFO] [LaunchDarkly] Closing stream connection @ https://goto.your.rentals/public/scripts/min/vendor-min.js?hash=cd7adc20a18961602e9e1825b28c0ad1:0
[    1440ms] [INFO] [LaunchDarkly] Opening stream connection to https://clientstream.launchdarkly.com/eval/62afe8fa0d275b15899ee925/eyJraW5kIjoidXNlciIsImtleSI6IjY5MzU2ZjYwLTEyZjEtNGZmZS04MWIwLTgwM2Y1ZjhmOGQ4NiIsImZpcnN0TmFtZSI6IkNhbiIsImxhc3ROYW1lIjoiUGhhbXJyIiwiZW1haWwiOiJjYW5oLnBoYW0wMUB5b3VyLnJlbnRhbHMiLCJjdXN0b20iOnsidXNlcklkIjoiNjkzNTZmNjAtMTJmMS00ZmZlLTgxYjAtODAzZjVmOGY4ZDg2Iiwib3JnYW5pemF0aW9uSWQiOiJhYzZiZmY0Mi00YWEwLTQ3NzMtODBkMS02ZWE3OGU4MzFjNWUiLCJhY2NvdW50SWQiOiI3ZTliNDcyMS03MjcxLTRiOTktODNiOS0xYzhiODI0NWUwNmIiLCJ1bmlxdWVJZCI6IjZhOWY4YTYyLWEyMzQtNDhkZS1hZDViLWQ3NTNjZTE5NzJhYyJ9fQ @ https://goto.your.rentals/public/scripts/min/vendor-min.js?hash=cd7adc20a18961602e9e1825b28c0ad1:0
[    1797ms] [INFO] [LaunchDarkly] LaunchDarkly client initialized @ https://goto.your.rentals/public/scripts/min/vendor-min.js?hash=cd7adc20a18961602e9e1825b28c0ad1:0
[    1797ms] [INFO] [LaunchDarkly] Opening stream connection to https://clientstream.launchdarkly.com/eval/62afe8fa0d275b15899ee925/eyJraW5kIjoidXNlciIsImtleSI6ImFub255bW91cyIsImN1c3RvbSI6eyJ1bmlxdWVJZCI6IjZhOWY4YTYyLWEyMzQtNDhkZS1hZDViLWQ3NTNjZTE5NzJhYyJ9fQ @ https://goto.your.rentals/public/scripts/min/vendor-min.js?hash=cd7adc20a18961602e9e1825b28c0ad1:0
[    1798ms] [INFO] [LaunchDarkly] Closing stream connection @ https://goto.your.rentals/public/scripts/min/vendor-min.js?hash=cd7adc20a18961602e9e1825b28c0ad1:0
[    1798ms] [INFO] [LaunchDarkly] Opening stream connection to https://clientstream.launchdarkly.com/eval/62afe8fa0d275b15899ee925/eyJraW5kIjoidXNlciIsImtleSI6IjY5MzU2ZjYwLTEyZjEtNGZmZS04MWIwLTgwM2Y1ZjhmOGQ4NiIsImZpcnN0TmFtZSI6IkNhbiIsImxhc3ROYW1lIjoiUGhhbXJyIiwiZW1haWwiOiJjYW5oLnBoYW0wMUB5b3VyLnJlbnRhbHMiLCJjdXN0b20iOnsidXNlcklkIjoiNjkzNTZmNjAtMTJmMS00ZmZlLTgxYjAtODAzZjVmOGY4ZDg2Iiwib3JnYW5pemF0aW9uSWQiOiJhYzZiZmY0Mi00YWEwLTQ3NzMtODBkMS02ZWE3OGU4MzFjNWUiLCJhY2NvdW50SWQiOiI3ZTliNDcyMS03MjcxLTRiOTktODNiOS0xYzhiODI0NWUwNmIiLCJ1bmlxdWVJZCI6IjZhOWY4YTYyLWEyMzQtNDhkZS1hZDViLWQ3NTNjZTE5NzJhYyJ9fQ @ https://goto.your.rentals/public/scripts/min/vendor-min.js?hash=cd7adc20a18961602e9e1825b28c0ad1:0
[    2473ms] [WARNING] [quick-fetch] quickFetchScript was not included or running in Node.js environment. Falling back to stubbed implementation. @ https://static.hsappstatic.net/conversations-visitor-ui/static-1.28580/bundles/visitor.js:0
[    2862ms] [WARNING] WARNING: Missing translation for key: "Airbnb Connections" @ https://goto.your.rentals/public/scripts/min/vendor-min.js?hash=cd7adc20a18961602e9e1825b28c0ad1:0
[    2980ms] [WARNING] WARNING: Missing translation for key: "Airbnb Connections" @ https://goto.your.rentals/public/scripts/min/vendor-min.js?hash=cd7adc20a18961602e9e1825b28c0ad1:0
[    3076ms] [WARNING] [@formatjs/intl] "defaultRichTextElements" was specified but "message" was not pre-compiled. 
Please consider using "@formatjs/cli" to pre-compile your messages for performance.
For more details see https://formatjs.io/docs/getting-started/message-distribution @ https://ui-web-react-dev.your.rentals/index-a5fd627f.mjs:31261
[    3148ms] [INFO] [LaunchDarkly] LaunchDarkly client initialized @ https://ui-web-react-dev.your.rentals/index-a5fd627f.mjs:41529
[    3149ms] [INFO] [LaunchDarkly] Opening stream connection to https://clientstream.launchdarkly.com/eval/62afe8fa0d275b15899ee925/eyJraW5kIjoidXNlciIsImtleSI6IjY5MzU2ZjYwLTEyZjEtNGZmZS04MWIwLTgwM2Y1ZjhmOGQ4NiIsImVtYWlsIjoiY2FuaC5waGFtMDFAeW91ci5yZW50YWxzIiwiZmlyc3ROYW1lIjoiQ2FuIiwibGFzdE5hbWUiOiJQaGFtcnIiLCJjdXN0b20iOnsidW5pcXVlSWQiOiJcIjZhOWY4YTYyLWEyMzQtNDhkZS1hZDViLWQ3NTNjZTE5NzJhY1wiIiwidXNlcklkIjoiNjkzNTZmNjAtMTJmMS00ZmZlLTgxYjAtODAzZjVmOGY4ZDg2Iiwib3JnYW5pemF0aW9uSWQiOiJhYzZiZmY0Mi00YWEwLTQ3NzMtODBkMS02ZWE3OGU4MzFjNWUiLCJhY2NvdW50SWQiOiI3ZTliNDcyMS03MjcxLTRiOTktODNiOS0xYzhiODI0NWUwNmIifX0 @ https://ui-web-react-dev.your.rentals/index-a5fd627f.mjs:41529
[    5213ms] [ERROR] Access to fetch at 'https://pjqtskva.ceuf.stape.net/g/collect?v=2&tid=G-L44H3HTTV8&gtm=45je64f1v9166573653z872311272za20gzb72311272zd72311272&_p=1776700284993&gcs=G111&gcd=13n3n3n3n5l1&npa=0&dma=0&ecid=1623909872&_eu=AAAAAAQ&_fplc=0&are=1&cid=1855558164.1776699966&frm=0&pscdl=noapi&rcb=18&sr=1920x1080&uaa=arm&uab=64&uafvl=Google%2520Chrome%3B147.0.7727.56%7CNot.A%252FBrand%3B8.0.0.0%7CChromium%3B147.0.7727.56&uam=&uamb=0&uap=macOS&uapv=14.5.0&uaw=0&ul=en-us&ur=VN-67&sst.rnd=1264105011.1776700285&sst.etld=google.com.vn&sst.tft=1776700284993&sst.lpc=14383905&sst.navt=n&sst.ude=0&sst.sw_exp=1&_s=1&tag_exp=0~115616985~115938466~115938468~117266401&sid=1776699966&sct=1&seg=1&dl=https%3A%2F%2Fgoto.your.rentals%2Fconversations%3Fid%3De4960173-c333-4afe-a664-b16fae71e281%26details%3Dtrue&dt=Messages%20%7C%20Your.Rentals&_tu=BA&en=page_view&tfd=4927&richsstsse' from origin 'https://goto.your.rentals' has been blocked by CORS policy: No 'Access-Control-Allow-Origin' header is present on the requested resource. @ https://goto.your.rentals/conversations?id=e4960173-c333-4afe-a664-b16fae71e281&details=true:0
[    5213ms] [ERROR] Failed to load resource: net::ERR_FAILED @ https://pjqtskva.ceuf.stape.net/g/collect?v=2&tid=G-L44H3HTTV8&gtm=45je64f1v9166573653z872311272za20gzb72311272zd72311272&_p=1776700284993&gcs=G111&gcd=13n3n3n3n5l1&npa=0&dma=0&ecid=1623909872&_eu=AAAAAAQ&_fplc=0&are=1&cid=1855558164.1776699966&frm=0&pscdl=noapi&rcb=18&sr=1920x1080&uaa=arm&uab=64&uafvl=Google%2520Chrome%3B147.0.7727.56%7CNot.A%252FBrand%3B8.0.0.0%7CChromium%3B147.0.7727.56&uam=&uamb=0&uap=macOS&uapv=14.5.0&uaw=0&ul=en-us&ur=VN-67&sst.rnd=1264105011.1776700285&sst.etld=google.com.vn&sst.tft=1776700284993&sst.lpc=14383905&sst.navt=n&sst.ude=0&sst.sw_exp=1&_s=1&tag_exp=0~115616985~115938466~115938468~117266401&sid=1776699966&sct=1&seg=1&dl=https%3A%2F%2Fgoto.your.rentals%2Fconversations%3Fid%3De4960173-c333-4afe-a664-b16fae71e281%26details%3Dtrue&dt=Messages%20%7C%20Your.Rentals&_tu=BA&en=page_view&tfd=4927&richsstsse:0
[    5315ms] [ERROR] Failed to load resource: the server responded with a status of 404 () @ https://pjqtskva.ceuf.stape.net/_/service_worker/63b0/sw_iframe.html?origin=https%3A%2F%2Fgoto.your.rentals&1p=1:0
