[     633ms] [WARNING] [LaunchDarkly] Error on stream connection: {"isTrusted":true}, will continue retrying after 979 milliseconds. @ https://goto.your.rentals/public/scripts/min/vendor-min.js?hash=cd7adc20a18961602e9e1825b28c0ad1:0
[     634ms] [INFO] [LaunchDarkly] Closing stream connection @ https://goto.your.rentals/public/scripts/min/vendor-min.js?hash=cd7adc20a18961602e9e1825b28c0ad1:0
[     634ms] [WARNING] [LaunchDarkly] Error on stream connection: {"isTrusted":true}, will continue retrying after 960 milliseconds. @ https://ui-web-react-dev.your.rentals/index-a5fd627f.mjs:41529
[     634ms] [INFO] [LaunchDarkly] Closing stream connection @ https://ui-web-react-dev.your.rentals/index-a5fd627f.mjs:41529
[     634ms] [WARNING] [LaunchDarkly] Error on stream connection: {"isTrusted":true}, will continue retrying after 865 milliseconds. @ https://goto.your.rentals/public/scripts/min/vendor-min.js?hash=cd7adc20a18961602e9e1825b28c0ad1:0
[     634ms] [INFO] [LaunchDarkly] Closing stream connection @ https://goto.your.rentals/public/scripts/min/vendor-min.js?hash=cd7adc20a18961602e9e1825b28c0ad1:0
[     650ms] [WARNING] <link rel=preload> has an invalid `href` value @ https://goto.your.rentals/dashboard:27
[     693ms] [ERROR] Failed to load resource: the server responded with a status of 404 () @ https://goto.your.rentals/public/node_modules/angular-i18n/angular-locale_en-gb.js:0
[     728ms] [LOG] JQMIGRATE: Migrate is installed, version 3.4.0 @ https://code.jquery.com/jquery-migrate-3.4.0.min.js:1
[     734ms] [INFO] %cDownload the React DevTools for a better development experience: https://reactjs.org/link/react-devtools font-weight:bold @ https://ui-web-react-dev.your.rentals/index-a5fd627f.mjs:19574
[     783ms] [INFO] [LaunchDarkly] LaunchDarkly client initialized @ https://goto.your.rentals/public/scripts/min/vendor-min.js?hash=cd7adc20a18961602e9e1825b28c0ad1:0
[     783ms] [INFO] [LaunchDarkly] Opening stream connection to https://clientstream.launchdarkly.com/eval/62afe8fa0d275b15899ee925/eyJraW5kIjoidXNlciIsImtleSI6ImFub255bW91cyIsImN1c3RvbSI6eyJ1bmlxdWVJZCI6IjZhOWY4YTYyLWEyMzQtNDhkZS1hZDViLWQ3NTNjZTE5NzJhYyJ9fQ @ https://goto.your.rentals/public/scripts/min/vendor-min.js?hash=cd7adc20a18961602e9e1825b28c0ad1:0
[     988ms] [INFO] [LaunchDarkly] Closing stream connection @ https://goto.your.rentals/public/scripts/min/vendor-min.js?hash=cd7adc20a18961602e9e1825b28c0ad1:0
[     988ms] [INFO] [LaunchDarkly] Opening stream connection to https://clientstream.launchdarkly.com/eval/62afe8fa0d275b15899ee925/eyJraW5kIjoidXNlciIsImtleSI6IjY5MzU2ZjYwLTEyZjEtNGZmZS04MWIwLTgwM2Y1ZjhmOGQ4NiIsImZpcnN0TmFtZSI6IkNhbiIsImxhc3ROYW1lIjoiUGhhbXJyIiwiZW1haWwiOiJjYW5oLnBoYW0wMUB5b3VyLnJlbnRhbHMiLCJjdXN0b20iOnsidXNlcklkIjoiNjkzNTZmNjAtMTJmMS00ZmZlLTgxYjAtODAzZjVmOGY4ZDg2Iiwib3JnYW5pemF0aW9uSWQiOiJhYzZiZmY0Mi00YWEwLTQ3NzMtODBkMS02ZWE3OGU4MzFjNWUiLCJhY2NvdW50SWQiOiI3ZTliNDcyMS03MjcxLTRiOTktODNiOS0xYzhiODI0NWUwNmIiLCJ1bmlxdWVJZCI6IjZhOWY4YTYyLWEyMzQtNDhkZS1hZDViLWQ3NTNjZTE5NzJhYyJ9fQ @ https://goto.your.rentals/public/scripts/min/vendor-min.js?hash=cd7adc20a18961602e9e1825b28c0ad1:0
[    1283ms] [INFO] [LaunchDarkly] LaunchDarkly client initialized @ https://goto.your.rentals/public/scripts/min/vendor-min.js?hash=cd7adc20a18961602e9e1825b28c0ad1:0
[    1283ms] [INFO] [LaunchDarkly] Opening stream connection to https://clientstream.launchdarkly.com/eval/62afe8fa0d275b15899ee925/eyJraW5kIjoidXNlciIsImtleSI6ImFub255bW91cyIsImN1c3RvbSI6eyJ1bmlxdWVJZCI6IjZhOWY4YTYyLWEyMzQtNDhkZS1hZDViLWQ3NTNjZTE5NzJhYyJ9fQ @ https://goto.your.rentals/public/scripts/min/vendor-min.js?hash=cd7adc20a18961602e9e1825b28c0ad1:0
[    1285ms] [INFO] [LaunchDarkly] Closing stream connection @ https://goto.your.rentals/public/scripts/min/vendor-min.js?hash=cd7adc20a18961602e9e1825b28c0ad1:0
[    1285ms] [INFO] [LaunchDarkly] Opening stream connection to https://clientstream.launchdarkly.com/eval/62afe8fa0d275b15899ee925/eyJraW5kIjoidXNlciIsImtleSI6IjY5MzU2ZjYwLTEyZjEtNGZmZS04MWIwLTgwM2Y1ZjhmOGQ4NiIsImZpcnN0TmFtZSI6IkNhbiIsImxhc3ROYW1lIjoiUGhhbXJyIiwiZW1haWwiOiJjYW5oLnBoYW0wMUB5b3VyLnJlbnRhbHMiLCJjdXN0b20iOnsidXNlcklkIjoiNjkzNTZmNjAtMTJmMS00ZmZlLTgxYjAtODAzZjVmOGY4ZDg2Iiwib3JnYW5pemF0aW9uSWQiOiJhYzZiZmY0Mi00YWEwLTQ3NzMtODBkMS02ZWE3OGU4MzFjNWUiLCJhY2NvdW50SWQiOiI3ZTliNDcyMS03MjcxLTRiOTktODNiOS0xYzhiODI0NWUwNmIiLCJ1bmlxdWVJZCI6IjZhOWY4YTYyLWEyMzQtNDhkZS1hZDViLWQ3NTNjZTE5NzJhYyJ9fQ @ https://goto.your.rentals/public/scripts/min/vendor-min.js?hash=cd7adc20a18961602e9e1825b28c0ad1:0
[    2652ms] [WARNING] WARNING: Missing translation for key: "Airbnb Connections" @ https://goto.your.rentals/public/scripts/min/vendor-min.js?hash=cd7adc20a18961602e9e1825b28c0ad1:0
[    2684ms] [WARNING] [@formatjs/intl] "defaultRichTextElements" was specified but "message" was not pre-compiled. 
Please consider using "@formatjs/cli" to pre-compile your messages for performance.
For more details see https://formatjs.io/docs/getting-started/message-distribution @ https://ui-web-react-dev.your.rentals/index-a5fd627f.mjs:31261
[    2782ms] [WARNING] WARNING: Missing translation for key: "Airbnb Connections" @ https://goto.your.rentals/public/scripts/min/vendor-min.js?hash=cd7adc20a18961602e9e1825b28c0ad1:0
[    2799ms] [INFO] [LaunchDarkly] LaunchDarkly client initialized @ https://ui-web-react-dev.your.rentals/index-a5fd627f.mjs:41529
[    2800ms] [INFO] [LaunchDarkly] Opening stream connection to https://clientstream.launchdarkly.com/eval/62afe8fa0d275b15899ee925/eyJraW5kIjoidXNlciIsImtleSI6IjY5MzU2ZjYwLTEyZjEtNGZmZS04MWIwLTgwM2Y1ZjhmOGQ4NiIsImVtYWlsIjoiY2FuaC5waGFtMDFAeW91ci5yZW50YWxzIiwiZmlyc3ROYW1lIjoiQ2FuIiwibGFzdE5hbWUiOiJQaGFtcnIiLCJjdXN0b20iOnsidW5pcXVlSWQiOiJcIjZhOWY4YTYyLWEyMzQtNDhkZS1hZDViLWQ3NTNjZTE5NzJhY1wiIiwidXNlcklkIjoiNjkzNTZmNjAtMTJmMS00ZmZlLTgxYjAtODAzZjVmOGY4ZDg2Iiwib3JnYW5pemF0aW9uSWQiOiJhYzZiZmY0Mi00YWEwLTQ3NzMtODBkMS02ZWE3OGU4MzFjNWUiLCJhY2NvdW50SWQiOiI3ZTliNDcyMS03MjcxLTRiOTktODNiOS0xYzhiODI0NWUwNmIifX0 @ https://ui-web-react-dev.your.rentals/index-a5fd627f.mjs:41529
[    3077ms] [WARNING] [quick-fetch] quickFetchScript was not included or running in Node.js environment. Falling back to stubbed implementation. @ https://static.hsappstatic.net/conversations-visitor-ui/static-1.28580/bundles/visitor.js:0
[    3860ms] [ERROR] Access to fetch at 'https://pjqtskva.ceuf.stape.net/g/collect?v=2&tid=G-L44H3HTTV8&gtm=45je64f1v9166573653z872311272za20gzb72311272zd72311272&_p=1776700202888&gcs=G111&gcd=13n3n3n3n5l1&npa=0&dma=0&ecid=1623909872&_eu=AAAAAAQ&_fplc=0&are=1&cid=1855558164.1776699966&frm=0&pscdl=noapi&rcb=16&sr=1920x1080&uaa=arm&uab=64&uafvl=Google%2520Chrome%3B147.0.7727.56%7CNot.A%252FBrand%3B8.0.0.0%7CChromium%3B147.0.7727.56&uam=&uamb=0&uap=macOS&uapv=14.5.0&uaw=0&ul=en-us&ur=VN-67&sst.rnd=76260744.1776700203&sst.etld=google.com.vn&sst.tft=1776700202888&sst.lpc=240434581&sst.navt=n&sst.ude=0&sst.sw_exp=1&_s=1&tag_exp=0~115616986~115938466~115938468~117266400&sid=1776699966&sct=1&seg=1&dl=https%3A%2F%2Fgoto.your.rentals%2Fdashboard&dt=Dashboard%20%7C%20Your.Rentals&_tu=BA&en=page_view&tfd=3569&richsstsse' from origin 'https://goto.your.rentals' has been blocked by CORS policy: No 'Access-Control-Allow-Origin' header is present on the requested resource. @ https://goto.your.rentals/dashboard:0
[    3860ms] [ERROR] Failed to load resource: net::ERR_FAILED @ https://pjqtskva.ceuf.stape.net/g/collect?v=2&tid=G-L44H3HTTV8&gtm=45je64f1v9166573653z872311272za20gzb72311272zd72311272&_p=1776700202888&gcs=G111&gcd=13n3n3n3n5l1&npa=0&dma=0&ecid=1623909872&_eu=AAAAAAQ&_fplc=0&are=1&cid=1855558164.1776699966&frm=0&pscdl=noapi&rcb=16&sr=1920x1080&uaa=arm&uab=64&uafvl=Google%2520Chrome%3B147.0.7727.56%7CNot.A%252FBrand%3B8.0.0.0%7CChromium%3B147.0.7727.56&uam=&uamb=0&uap=macOS&uapv=14.5.0&uaw=0&ul=en-us&ur=VN-67&sst.rnd=76260744.1776700203&sst.etld=google.com.vn&sst.tft=1776700202888&sst.lpc=240434581&sst.navt=n&sst.ude=0&sst.sw_exp=1&_s=1&tag_exp=0~115616986~115938466~115938468~117266400&sid=1776699966&sct=1&seg=1&dl=https%3A%2F%2Fgoto.your.rentals%2Fdashboard&dt=Dashboard%20%7C%20Your.Rentals&_tu=BA&en=page_view&tfd=3569&richsstsse:0
[    3961ms] [ERROR] Failed to load resource: the server responded with a status of 404 () @ https://pjqtskva.ceuf.stape.net/_/service_worker/63b0/sw_iframe.html?origin=https%3A%2F%2Fgoto.your.rentals&1p=1:0
